// Jest Snapshot v1, https://goo.gl/fbAQLP

exports[`DealCardsButton does not render when players have card 1`] = `
<View
  style={
    {
      "alignItems": "center",
      "flex": 1,
      "justifyContent": "center",
    }
  }
/>
`;

exports[`DealCardsButton renders when end of round 1`] = `
<View
  style={
    {
      "alignItems": "center",
      "flex": 1,
      "justifyContent": "center",
    }
  }
/>
`;
