// Jest Snapshot v1, https://goo.gl/fbAQLP

exports[`DealCardsButton renders without error 1`] = `
<View
  style={
    {
      "alignItems": "center",
      "justifyContent": "center",
      "minWidth": 220,
      "padding": 8,
    }
  }
>
  <View
    accessibilityLabel="Deal Cards"
    accessibilityRole="button"
    accessibilityState={
      {
        "busy": undefined,
        "checked": undefined,
        "disabled": undefined,
        "expanded": undefined,
        "selected": undefined,
      }
    }
    accessibilityValue={
      {
        "max": undefined,
        "min": undefined,
        "now": undefined,
        "text": undefined,
      }
    }
    accessible={true}
    collapsable={false}
    focusable={true}
    onClick={[Function]}
    onResponderGrant={[Function]}
    onResponderMove={[Function]}
    onResponderRelease={[Function]}
    onResponderTerminate={[Function]}
    onResponderTerminationRequest={[Function]}
    onStartShouldSetResponder={[Function]}
    style={
      {
        "alignItems": "center",
        "backgroundColor": "#B3261E",
        "borderRadius": 4,
        "justifyContent": "center",
        "marginVertical": 4,
        "minHeight": 48,
        "opacity": 1,
        "paddingHorizontal": 20,
        "paddingVertical": 12,
      }
    }
  >
    <Text
      style={
        {
          "color": "#FFFFFF",
          "fontSize": 16,
          "fontWeight": "900",
        }
      }
    >
      Deal Cards
    </Text>
  </View>
</View>
`;
