// Jest Snapshot v1, https://goo.gl/fbAQLP

exports[`StickyHeader renders without exception 1`] = `
<View
  style={
    {
      "backgroundColor": "#23150F",
      "height": 132,
      "justifyContent": "center",
      "overflow": "hidden",
      "width": "100%",
    }
  }
>
  <View
    style={
      {
        "left": 24,
        "maxWidth": 320,
      }
    }
  >
    <Text
      style={
        {
          "color": "#FFFFFF",
          "fontSize": 32,
          "fontWeight": "900",
        }
      }
    >
      Cotecc
    </Text>
    <Text
      style={
        {
          "color": "#E8D2A3",
          "fontSize": 14,
          "fontWeight": "700",
        }
      }
    >
      Point-avoidance at the table
    </Text>
  </View>
  <Image
    resizeMode="contain"
    source={
      {
        "testUri": "../../../src/assets/icon.png",
      }
    }
    style={
      {
        "height": 118,
        "opacity": 0.94,
        "position": "absolute",
        "right": 24,
        "width": 118,
      }
    }
  />
</View>
`;
