// Jest Snapshot v1, https://goo.gl/fbAQLP

exports[`golden frames golden frames match the committed snapshot (change-detector) 1`] = `
{
  "Error": "{"protocolVersion":1,"sessionId":"sess-1","type":"Error","sentAt":"2026-06-21T00:00:00.000Z","payload":{"code":"STALE_STATE","message":"Resync required"}}",
  "MoveRejected": "{"protocolVersion":1,"sessionId":"sess-1","type":"MoveRejected","sentAt":"2026-06-21T00:00:00.000Z","payload":{"code":"NOT_YOUR_TURN","message":"Not your turn"},"serverSeq":4}",
  "PlayMove": "{"protocolVersion":1,"sessionId":"sess-1","type":"PlayMove","sentAt":"2026-06-21T00:00:00.000Z","payload":{"cardRef":{"suit":"ori","rank":7},"clientSeq":1},"seatId":"s1","clientMessageId":"m-1"}",
  "RoundComplete": "{"protocolVersion":1,"sessionId":"sess-1","type":"RoundComplete","sentAt":"2026-06-21T00:00:00.000Z","payload":{"outcome":0,"roundLosers":[2,3],"winnerID":1},"serverSeq":8}",
}
`;
